2026-06-11 13:41:11:4111 [31merror[39m: [31mCannot set headers after they are sent to the client[39m
2026-06-11 13:41:13:4113 [31merror[39m: [31m[39m
[31mInvalid `prisma.workspaceMember.findMany()` invocation in[39m
[31mC:\Users\X1 CARBON\OneDrive\Desktop\My projects\Task-Flow Project Management\backend\src\modules\workspaces\workspace.repository.ts:41:54[39m

[31m  38 }[39m
[31m  39 [39m
[31m  40 async findAllByUser(userId: string): Promise<Workspace[]> {[39m
[31m→ 41   const memberships = await prisma.workspaceMember.findMany([39m
[31mThe column `workspace_members.createdAt` does not exist in the current database.[39m
2026-06-11 13:41:13:4113 [31merror[39m: [31m[39m
[31mInvalid `prisma.workspaceMember.findMany()` invocation in[39m
[31mC:\Users\X1 CARBON\OneDrive\Desktop\My projects\Task-Flow Project Management\backend\src\modules\workspaces\workspace.repository.ts:41:54[39m

[31m  38 }[39m
[31m  39 [39m
[31m  40 async findAllByUser(userId: string): Promise<Workspace[]> {[39m
[31m→ 41   const memberships = await prisma.workspaceMember.findMany([39m
[31mThe column `workspace_members.createdAt` does not exist in the current database.[39m
2026-06-11 13:43:58:4358 [31merror[39m: [31m[39m
[31mInvalid `prisma.workspaceMember.findMany()` invocation in[39m
[31mC:\Users\X1 CARBON\OneDrive\Desktop\My projects\Task-Flow Project Management\backend\src\modules\workspaces\workspace.repository.ts:41:54[39m

[31m  38 }[39m
[31m  39 [39m
[31m  40 async findAllByUser(userId: string): Promise<Workspace[]> {[39m
[31m→ 41   const memberships = await prisma.workspaceMember.findMany([39m
[31mThe column `workspace_members.createdAt` does not exist in the current database.[39m
2026-06-11 13:43:59:4359 [31merror[39m: [31m[39m
[31mInvalid `prisma.workspaceMember.findMany()` invocation in[39m
[31mC:\Users\X1 CARBON\OneDrive\Desktop\My projects\Task-Flow Project Management\backend\src\modules\workspaces\workspace.repository.ts:41:54[39m

[31m  38 }[39m
[31m  39 [39m
[31m  40 async findAllByUser(userId: string): Promise<Workspace[]> {[39m
[31m→ 41   const memberships = await prisma.workspaceMember.findMany([39m
[31mThe column `workspace_members.createdAt` does not exist in the current database.[39m
2026-06-11 13:44:06:446 [31merror[39m: [31m[39m
[31mInvalid `prisma.workspaceMember.findMany()` invocation in[39m
[31mC:\Users\X1 CARBON\OneDrive\Desktop\My projects\Task-Flow Project Management\backend\src\modules\workspaces\workspace.repository.ts:41:54[39m

[31m  38 }[39m
[31m  39 [39m
[31m  40 async findAllByUser(userId: string): Promise<Workspace[]> {[39m
[31m→ 41   const memberships = await prisma.workspaceMember.findMany([39m
[31mThe column `workspace_members.createdAt` does not exist in the current database.[39m
2026-06-11 13:44:07:447 [31merror[39m: [31m[39m
[31mInvalid `prisma.workspaceMember.findMany()` invocation in[39m
[31mC:\Users\X1 CARBON\OneDrive\Desktop\My projects\Task-Flow Project Management\backend\src\modules\workspaces\workspace.repository.ts:41:54[39m

[31m  38 }[39m
[31m  39 [39m
[31m  40 async findAllByUser(userId: string): Promise<Workspace[]> {[39m
[31m→ 41   const memberships = await prisma.workspaceMember.findMany([39m
[31mThe column `workspace_members.createdAt` does not exist in the current database.[39m
2026-06-11 13:44:30:4430 [31merror[39m: [31m[39m
[31mInvalid `prisma.workspaceMember.findMany()` invocation in[39m
[31mC:\Users\X1 CARBON\OneDrive\Desktop\My projects\Task-Flow Project Management\backend\src\modules\workspaces\workspace.repository.ts:41:54[39m

[31m  38 }[39m
[31m  39 [39m
[31m  40 async findAllByUser(userId: string): Promise<Workspace[]> {[39m
[31m→ 41   const memberships = await prisma.workspaceMember.findMany([39m
[31mThe column `workspace_members.createdAt` does not exist in the current database.[39m
2026-06-11 13:44:31:4431 [31merror[39m: [31m[39m
[31mInvalid `prisma.workspaceMember.findMany()` invocation in[39m
[31mC:\Users\X1 CARBON\OneDrive\Desktop\My projects\Task-Flow Project Management\backend\src\modules\workspaces\workspace.repository.ts:41:54[39m

[31m  38 }[39m
[31m  39 [39m
[31m  40 async findAllByUser(userId: string): Promise<Workspace[]> {[39m
[31m→ 41   const memberships = await prisma.workspaceMember.findMany([39m
[31mThe column `workspace_members.createdAt` does not exist in the current database.[39m
2026-06-11 13:44:33:4433 [31merror[39m: [31m[39m
[31mInvalid `prisma.workspaceMember.findMany()` invocation in[39m
[31mC:\Users\X1 CARBON\OneDrive\Desktop\My projects\Task-Flow Project Management\backend\src\modules\workspaces\workspace.repository.ts:41:54[39m

[31m  38 }[39m
[31m  39 [39m
[31m  40 async findAllByUser(userId: string): Promise<Workspace[]> {[39m
[31m→ 41   const memberships = await prisma.workspaceMember.findMany([39m
[31mThe column `workspace_members.createdAt` does not exist in the current database.[39m
2026-06-11 13:44:33:4433 [31merror[39m: [31m[39m
[31mInvalid `prisma.workspaceMember.findMany()` invocation in[39m
[31mC:\Users\X1 CARBON\OneDrive\Desktop\My projects\Task-Flow Project Management\backend\src\modules\workspaces\workspace.repository.ts:41:54[39m

[31m  38 }[39m
[31m  39 [39m
[31m  40 async findAllByUser(userId: string): Promise<Workspace[]> {[39m
[31m→ 41   const memberships = await prisma.workspaceMember.findMany([39m
[31mThe column `workspace_members.createdAt` does not exist in the current database.[39m
2026-06-11 22:08:11:811 [31merror[39m: [31m[39m
[31mInvalid `prisma.notification.count()` invocation in[39m
[31mC:\Users\X1 CARBON\OneDrive\Desktop\My projects\Task-Flow Project Management\backend\src\modules\notifications\notification.repository.ts:33:32[39m

[31m  30 }[39m
[31m  31 [39m
[31m  32 async getUnreadCount(userId: string): Promise<number> {[39m
[31m→ 33   return prisma.notification.count([39m
[31mCan't reach database server at `ep-withered-rain-aqd3bpeb-pooler.c-8.us-east-1.aws.neon.tech:5432`[39m

[31mPlease make sure your database server is running at `ep-withered-rain-aqd3bpeb-pooler.c-8.us-east-1.aws.neon.tech:5432`.[39m
2026-06-11 23:30:33:3033 [31merror[39m: [31mToo many requests, please try again later[39m
2026-06-11 23:30:39:3039 [31merror[39m: [31mToo many requests, please try again later[39m
2026-06-11 23:30:39:3039 [31merror[39m: [31mToo many requests, please try again later[39m
2026-06-11 23:30:39:3039 [31merror[39m: [31mToo many requests, please try again later[39m
2026-06-11 23:30:39:3039 [31merror[39m: [31mToo many requests, please try again later[39m
2026-06-11 23:30:39:3039 [31merror[39m: [31mToo many requests, please try again later[39m
2026-06-11 23:30:39:3039 [31merror[39m: [31mToo many requests, please try again later[39m
2026-06-11 23:30:39:3039 [31merror[39m: [31mToo many requests, please try again later[39m
2026-06-11 23:30:39:3039 [31merror[39m: [31mToo many requests, please try again later[39m
2026-06-11 23:30:39:3039 [31merror[39m: [31mToo many requests, please try again later[39m
2026-06-11 23:30:39:3039 [31merror[39m: [31mToo many requests, please try again later[39m
2026-06-12 00:07:16:716 [31merror[39m: [31m[39m
[31mInvalid `prisma.notification.count()` invocation in[39m
[31mC:\Users\X1 CARBON\OneDrive\Desktop\My projects\Task-Flow Project Management\backend\src\modules\notifications\notification.repository.ts:33:32[39m

[31m  30 }[39m
[31m  31 [39m
[31m  32 async getUnreadCount(userId: string): Promise<number> {[39m
[31m→ 33   return prisma.notification.count([39m
[31mCan't reach database server at `ep-withered-rain-aqd3bpeb-pooler.c-8.us-east-1.aws.neon.tech:5432`[39m

[31mPlease make sure your database server is running at `ep-withered-rain-aqd3bpeb-pooler.c-8.us-east-1.aws.neon.tech:5432`.[39m
2026-06-12 00:25:06:256 [31merror[39m: [31mInvalid email or password[39m
2026-06-12 00:25:06:256 [31merror[39m: [31mInvalid or expired token[39m
2026-06-12 00:25:06:256 [31merror[39m: [31mInvalid or expired token[39m
2026-06-12 00:25:06:256 [31merror[39m: [31mInvalid or expired token[39m
2026-06-12 00:25:06:256 [31merror[39m: [31mInvalid or expired token[39m
2026-06-12 00:25:06:256 [31merror[39m: [31mInvalid or expired token[39m
2026-06-12 00:25:06:256 [31merror[39m: [31mInvalid or expired token[39m
2026-06-12 00:25:06:256 [31merror[39m: [31mInvalid or expired token[39m
2026-06-12 00:25:06:256 [31merror[39m: [31mInvalid or expired token[39m
2026-06-12 00:25:06:256 [31merror[39m: [31mInvalid or expired token[39m
2026-06-12 00:25:06:256 [31merror[39m: [31mInvalid or expired token[39m
2026-06-12 00:25:06:256 [31merror[39m: [31mInvalid or expired token[39m
2026-06-12 00:25:06:256 [31merror[39m: [31mInvalid or expired token[39m
2026-06-12 00:25:06:256 [31merror[39m: [31mInvalid or expired token[39m
2026-06-12 00:25:06:256 [31merror[39m: [31mInvalid or expired token[39m
2026-06-12 00:25:06:256 [31merror[39m: [31mInvalid or expired token[39m
2026-06-12 00:25:06:256 [31merror[39m: [31mInvalid or expired token[39m
2026-06-12 00:25:06:256 [31merror[39m: [31mInvalid or expired token[39m
2026-06-12 00:25:06:256 [31merror[39m: [31mInvalid or expired token[39m
2026-06-12 00:25:06:256 [31merror[39m: [31mInvalid or expired token[39m
2026-06-12 00:25:06:256 [31merror[39m: [31mInvalid or expired token[39m
2026-06-12 00:25:06:256 [31merror[39m: [31mInvalid or expired token[39m
2026-06-12 00:25:06:256 [31merror[39m: [31mInvalid or expired token[39m
2026-06-12 00:25:06:256 [31merror[39m: [31mInvalid or expired token[39m
2026-06-12 00:25:06:256 [31merror[39m: [31mInvalid or expired token[39m
2026-06-12 00:25:06:256 [31merror[39m: [31mInvalid or expired token[39m
2026-06-12 00:25:06:256 [31merror[39m: [31mInvalid or expired token[39m
2026-06-12 00:25:06:256 [31merror[39m: [31mInvalid or expired token[39m
2026-06-12 00:25:06:256 [31merror[39m: [31mInvalid or expired token[39m
2026-06-12 00:25:06:256 [31merror[39m: [31mInvalid or expired token[39m
2026-06-12 00:25:06:256 [31merror[39m: [31mInvalid or expired token[39m
2026-06-12 00:25:06:256 [31merror[39m: [31mInvalid or expired token[39m
2026-06-12 00:25:06:256 [31merror[39m: [31mInvalid or expired token[39m
2026-06-12 00:25:06:256 [31merror[39m: [31mInvalid or expired token[39m
2026-06-12 00:25:06:256 [31merror[39m: [31mInvalid or expired token[39m
2026-06-12 00:25:06:256 [31merror[39m: [31mInvalid or expired token[39m
2026-06-12 00:25:06:256 [31merror[39m: [31mInvalid or expired token[39m
2026-06-12 00:25:06:256 [31merror[39m: [31mInvalid or expired token[39m
2026-06-12 00:25:06:256 [31merror[39m: [31mInvalid or expired token[39m
2026-06-12 00:25:06:256 [31merror[39m: [31mInvalid or expired token[39m
2026-06-12 00:25:06:256 [31merror[39m: [31mInvalid or expired token[39m
2026-06-12 00:25:06:256 [31merror[39m: [31mInvalid or expired token[39m
2026-06-12 00:25:06:256 [31merror[39m: [31mInvalid or expired token[39m
2026-06-12 00:25:06:256 [31merror[39m: [31mInvalid or expired token[39m
2026-06-12 00:25:06:256 [31merror[39m: [31mInvalid or expired token[39m
2026-06-12 00:25:06:256 [31merror[39m: [31mInvalid or expired token[39m
2026-06-12 00:25:06:256 [31merror[39m: [31mInvalid or expired token[39m
2026-06-12 00:25:06:256 [31merror[39m: [31mInvalid or expired token[39m
2026-06-12 00:25:06:256 [31merror[39m: [31mInvalid or expired token[39m
2026-06-12 00:25:06:256 [31merror[39m: [31mInvalid or expired token[39m
2026-06-12 00:25:06:256 [31merror[39m: [31mInvalid or expired token[39m
2026-06-12 00:25:06:256 [31merror[39m: [31mInvalid or expired token[39m
2026-06-12 00:25:06:256 [31merror[39m: [31mInvalid or expired token[39m
2026-06-12 00:25:06:256 [31merror[39m: [31mInvalid or expired token[39m
2026-06-12 00:25:06:256 [31merror[39m: [31mInvalid or expired token[39m
2026-06-12 00:25:06:256 [31merror[39m: [31mInvalid or expired token[39m
2026-06-12 00:25:06:256 [31merror[39m: [31mInvalid or expired token[39m
2026-06-12 00:25:06:256 [31merror[39m: [31mInvalid or expired token[39m
2026-06-12 00:25:06:256 [31merror[39m: [31mInvalid or expired token[39m
2026-06-12 00:25:06:256 [31merror[39m: [31mInvalid or expired token[39m
2026-06-12 00:25:06:256 [31merror[39m: [31mInvalid or expired token[39m
2026-06-12 00:25:06:256 [31merror[39m: [31mInvalid or expired token[39m
2026-06-12 00:25:06:256 [31merror[39m: [31mInvalid or expired token[39m
2026-06-12 00:25:06:256 [31merror[39m: [31mInvalid or expired token[39m
2026-06-12 00:25:06:256 [31merror[39m: [31mInvalid or expired token[39m
2026-06-12 00:25:06:256 [31merror[39m: [31mInvalid or expired token[39m
2026-06-12 00:25:06:256 [31merror[39m: [31mInvalid or expired token[39m
2026-06-12 00:25:06:256 [31merror[39m: [31mInvalid or expired token[39m
2026-06-12 00:25:06:256 [31merror[39m: [31mInvalid or expired token[39m
2026-06-12 00:25:06:256 [31merror[39m: [31mInvalid or expired token[39m
2026-06-12 00:25:06:256 [31merror[39m: [31mInvalid or expired token[39m
2026-06-12 00:25:06:256 [31merror[39m: [31mInvalid or expired token[39m
2026-06-12 00:25:06:256 [31merror[39m: [31mInvalid or expired token[39m
2026-06-12 00:25:06:256 [31merror[39m: [31mInvalid or expired token[39m
2026-06-12 00:25:06:256 [31merror[39m: [31mInvalid or expired token[39m
2026-06-12 00:25:06:256 [31merror[39m: [31mInvalid or expired token[39m
2026-06-12 00:25:06:256 [31merror[39m: [31mInvalid or expired token[39m
2026-06-12 00:25:06:256 [31merror[39m: [31mInvalid or expired token[39m
2026-06-12 00:25:06:256 [31merror[39m: [31mInvalid or expired token[39m
2026-06-12 00:25:06:256 [31merror[39m: [31mInvalid or expired token[39m
2026-06-12 00:25:06:256 [31merror[39m: [31mInvalid or expired token[39m
2026-06-12 00:25:06:256 [31merror[39m: [31mInvalid or expired token[39m
2026-06-12 00:25:06:256 [31merror[39m: [31mInvalid or expired token[39m
2026-06-12 00:25:06:256 [31merror[39m: [31mInvalid or expired token[39m
2026-06-12 00:25:06:256 [31merror[39m: [31mInvalid or expired token[39m
2026-06-12 00:25:06:256 [31merror[39m: [31mInvalid or expired token[39m
2026-06-12 00:25:06:256 [31merror[39m: [31mInvalid or expired token[39m
2026-06-12 00:25:06:256 [31merror[39m: [31mInvalid or expired token[39m
2026-06-12 00:25:06:256 [31merror[39m: [31mInvalid or expired token[39m
2026-06-12 00:25:06:256 [31merror[39m: [31mInvalid or expired token[39m
2026-06-12 00:25:06:256 [31merror[39m: [31mInvalid or expired token[39m
2026-06-12 00:25:06:256 [31merror[39m: [31mInvalid or expired token[39m
2026-06-12 00:25:06:256 [31merror[39m: [31mInvalid or expired token[39m
2026-06-12 00:25:06:256 [31merror[39m: [31mInvalid or expired token[39m
2026-06-12 00:25:07:257 [31merror[39m: [31mInvalid or expired token[39m
2026-06-12 00:25:07:257 [31merror[39m: [31mInvalid or expired token[39m
2026-06-12 00:25:07:257 [31merror[39m: [31mInvalid or expired token[39m
2026-06-12 00:25:07:257 [31merror[39m: [31mInvalid or expired token[39m
2026-06-12 00:25:07:257 [31merror[39m: [31mInvalid or expired token[39m
2026-06-12 00:25:07:257 [31merror[39m: [31mInvalid or expired token[39m
2026-06-12 00:25:07:257 [31merror[39m: [31mToo many requests, please try again later[39m
2026-06-12 00:26:01:261 [31merror[39m: [31mToo many requests, please try again later[39m
2026-06-12 00:26:12:2612 [31merror[39m: [31mToo many requests, please try again later[39m
2026-06-12 00:27:42:2742 [31merror[39m: [31mInvalid email or password[39m
2026-06-12 00:27:42:2742 [31merror[39m: [31mInvalid or expired token[39m
2026-06-12 00:27:42:2742 [31merror[39m: [31mInvalid or expired token[39m
2026-06-12 00:27:42:2742 [31merror[39m: [31mInvalid or expired token[39m
2026-06-12 00:27:42:2742 [31merror[39m: [31mInvalid or expired token[39m
2026-06-12 00:27:42:2742 [31merror[39m: [31mInvalid or expired token[39m
2026-06-12 00:27:43:2743 [31merror[39m: [31mInvalid or expired token[39m
2026-06-12 00:27:43:2743 [31merror[39m: [31mInvalid or expired token[39m
2026-06-12 00:27:43:2743 [31merror[39m: [31mInvalid or expired token[39m
2026-06-12 00:27:43:2743 [31merror[39m: [31mInvalid or expired token[39m
2026-06-12 00:27:43:2743 [31merror[39m: [31mInvalid or expired token[39m
2026-06-12 00:27:43:2743 [31merror[39m: [31mInvalid or expired token[39m
2026-06-12 00:27:43:2743 [31merror[39m: [31mInvalid or expired token[39m
2026-06-12 00:27:43:2743 [31merror[39m: [31mInvalid or expired token[39m
2026-06-12 00:27:43:2743 [31merror[39m: [31mInvalid or expired token[39m
2026-06-12 00:27:43:2743 [31merror[39m: [31mInvalid or expired token[39m
2026-06-12 00:27:43:2743 [31merror[39m: [31mInvalid or expired token[39m
2026-06-12 00:27:43:2743 [31merror[39m: [31mInvalid or expired token[39m
2026-06-12 00:27:43:2743 [31merror[39m: [31mInvalid or expired token[39m
2026-06-12 00:27:43:2743 [31merror[39m: [31mInvalid or expired token[39m
2026-06-12 00:27:43:2743 [31merror[39m: [31mInvalid or expired token[39m
2026-06-12 00:27:43:2743 [31merror[39m: [31mInvalid or expired token[39m
2026-06-12 00:27:43:2743 [31merror[39m: [31mInvalid or expired token[39m
2026-06-12 00:27:43:2743 [31merror[39m: [31mInvalid or expired token[39m
2026-06-12 00:27:43:2743 [31merror[39m: [31mInvalid or expired token[39m
2026-06-12 00:27:43:2743 [31merror[39m: [31mInvalid or expired token[39m
2026-06-12 00:27:43:2743 [31merror[39m: [31mInvalid or expired token[39m
2026-06-12 00:27:43:2743 [31merror[39m: [31mInvalid or expired token[39m
2026-06-12 00:27:43:2743 [31merror[39m: [31mInvalid or expired token[39m
2026-06-12 00:27:43:2743 [31merror[39m: [31mInvalid or expired token[39m
2026-06-12 00:27:43:2743 [31merror[39m: [31mInvalid or expired token[39m
2026-06-12 00:27:43:2743 [31merror[39m: [31mInvalid or expired token[39m
2026-06-12 00:27:43:2743 [31merror[39m: [31mInvalid or expired token[39m
2026-06-12 00:27:43:2743 [31merror[39m: [31mInvalid or expired token[39m
2026-06-12 00:27:43:2743 [31merror[39m: [31mInvalid or expired token[39m
2026-06-12 00:27:43:2743 [31merror[39m: [31mInvalid or expired token[39m
2026-06-12 00:27:43:2743 [31merror[39m: [31mInvalid or expired token[39m
2026-06-12 00:27:43:2743 [31merror[39m: [31mInvalid or expired token[39m
2026-06-12 00:27:43:2743 [31merror[39m: [31mInvalid or expired token[39m
2026-06-12 00:27:43:2743 [31merror[39m: [31mInvalid or expired token[39m
2026-06-12 00:27:43:2743 [31merror[39m: [31mInvalid or expired token[39m
2026-06-12 00:27:43:2743 [31merror[39m: [31mInvalid or expired token[39m
2026-06-12 00:27:43:2743 [31merror[39m: [31mInvalid or expired token[39m
2026-06-12 00:27:43:2743 [31merror[39m: [31mInvalid or expired token[39m
2026-06-12 00:27:43:2743 [31merror[39m: [31mInvalid or expired token[39m
2026-06-12 00:27:43:2743 [31merror[39m: [31mInvalid or expired token[39m
2026-06-12 00:27:43:2743 [31merror[39m: [31mInvalid or expired token[39m
2026-06-12 00:27:43:2743 [31merror[39m: [31mInvalid or expired token[39m
2026-06-12 00:27:43:2743 [31merror[39m: [31mInvalid or expired token[39m
2026-06-12 00:27:43:2743 [31merror[39m: [31mInvalid or expired token[39m
2026-06-12 00:27:43:2743 [31merror[39m: [31mInvalid or expired token[39m
2026-06-12 00:27:43:2743 [31merror[39m: [31mInvalid or expired token[39m
2026-06-12 00:27:43:2743 [31merror[39m: [31mInvalid or expired token[39m
2026-06-12 00:27:43:2743 [31merror[39m: [31mInvalid or expired token[39m
2026-06-12 00:27:43:2743 [31merror[39m: [31mInvalid or expired token[39m
2026-06-12 00:27:43:2743 [31merror[39m: [31mInvalid or expired token[39m
2026-06-12 00:27:43:2743 [31merror[39m: [31mInvalid or expired token[39m
2026-06-12 00:27:43:2743 [31merror[39m: [31mInvalid or expired token[39m
2026-06-12 00:27:44:2744 [31merror[39m: [31mInvalid or expired token[39m
2026-06-12 00:27:44:2744 [31merror[39m: [31mInvalid or expired token[39m
2026-06-12 00:27:44:2744 [31merror[39m: [31mInvalid or expired token[39m
2026-06-12 00:27:44:2744 [31merror[39m: [31mInvalid or expired token[39m
2026-06-12 00:27:44:2744 [31merror[39m: [31mInvalid or expired token[39m
2026-06-12 00:27:44:2744 [31merror[39m: [31mInvalid or expired token[39m
2026-06-12 00:27:44:2744 [31merror[39m: [31mInvalid or expired token[39m
2026-06-12 00:27:44:2744 [31merror[39m: [31mInvalid or expired token[39m
2026-06-12 00:27:44:2744 [31merror[39m: [31mInvalid or expired token[39m
2026-06-12 00:27:44:2744 [31merror[39m: [31mInvalid or expired token[39m
2026-06-12 00:27:44:2744 [31merror[39m: [31mInvalid or expired token[39m
2026-06-12 00:27:44:2744 [31merror[39m: [31mInvalid or expired token[39m
2026-06-12 00:27:44:2744 [31merror[39m: [31mInvalid or expired token[39m
2026-06-12 00:27:44:2744 [31merror[39m: [31mInvalid or expired token[39m
2026-06-12 00:27:44:2744 [31merror[39m: [31mInvalid or expired token[39m
2026-06-12 00:27:44:2744 [31merror[39m: [31mInvalid or expired token[39m
2026-06-12 00:27:44:2744 [31merror[39m: [31mInvalid or expired token[39m
2026-06-12 00:27:44:2744 [31merror[39m: [31mInvalid or expired token[39m
2026-06-12 00:27:44:2744 [31merror[39m: [31mInvalid or expired token[39m
2026-06-12 00:27:44:2744 [31merror[39m: [31mInvalid or expired token[39m
2026-06-12 00:27:44:2744 [31merror[39m: [31mInvalid or expired token[39m
2026-06-12 00:27:44:2744 [31merror[39m: [31mInvalid or expired token[39m
2026-06-12 00:27:44:2744 [31merror[39m: [31mInvalid or expired token[39m
2026-06-12 00:27:44:2744 [31merror[39m: [31mInvalid or expired token[39m
2026-06-12 00:27:44:2744 [31merror[39m: [31mInvalid or expired token[39m
2026-06-12 00:27:44:2744 [31merror[39m: [31mInvalid or expired token[39m
2026-06-12 00:27:44:2744 [31merror[39m: [31mInvalid or expired token[39m
2026-06-12 00:27:44:2744 [31merror[39m: [31mInvalid or expired token[39m
2026-06-12 00:27:44:2744 [31merror[39m: [31mInvalid or expired token[39m
2026-06-12 00:27:44:2744 [31merror[39m: [31mInvalid or expired token[39m
2026-06-12 00:27:44:2744 [31merror[39m: [31mInvalid or expired token[39m
2026-06-12 00:27:44:2744 [31merror[39m: [31mInvalid or expired token[39m
2026-06-12 00:27:44:2744 [31merror[39m: [31mInvalid or expired token[39m
2026-06-12 00:27:44:2744 [31merror[39m: [31mInvalid or expired token[39m
2026-06-12 00:27:44:2744 [31merror[39m: [31mInvalid or expired token[39m
2026-06-12 00:27:44:2744 [31merror[39m: [31mInvalid or expired token[39m
2026-06-12 00:27:44:2744 [31merror[39m: [31mInvalid or expired token[39m
2026-06-12 00:27:44:2744 [31merror[39m: [31mInvalid or expired token[39m
2026-06-12 00:27:44:2744 [31merror[39m: [31mInvalid or expired token[39m
2026-06-12 00:27:44:2744 [31merror[39m: [31mInvalid or expired token[39m
2026-06-12 00:27:44:2744 [31merror[39m: [31mInvalid or expired token[39m
2026-06-12 00:27:44:2744 [31merror[39m: [31mInvalid or expired token[39m
2026-06-12 00:27:44:2744 [31merror[39m: [31mToo many requests, please try again later[39m
2026-06-26 22:52:07:527 [31merror[39m: [31m[39m
[31mInvalid `prisma.notification.count()` invocation in[39m
[31mC:\Users\X1 CARBON\OneDrive\Desktop\My projects\Task-Flow Project Management\backend\src\modules\notifications\notification.repository.ts:33:32[39m

[31m  30 }[39m
[31m  31 [39m
[31m  32 async getUnreadCount(userId: string): Promise<number> {[39m
[31m→ 33   return prisma.notification.count([39m
[31mCan't reach database server at `ep-withered-rain-aqd3bpeb-pooler.c-8.us-east-1.aws.neon.tech:5432`[39m

[31mPlease make sure your database server is running at `ep-withered-rain-aqd3bpeb-pooler.c-8.us-east-1.aws.neon.tech:5432`.[39m
2026-06-26 22:52:12:5212 [31merror[39m: [31m[39m
[31mInvalid `prisma.workspaceMember.findUnique()` invocation in[39m
[31mC:\Users\X1 CARBON\OneDrive\Desktop\My projects\Task-Flow Project Management\backend\src\permissions\access-resolver.ts:41:28[39m

[31m  38   userId: string,[39m
[31m  39 ): Promise<{ membershipRole: Role; ownerId: string }> {[39m
[31m  40   const [member, workspace] = await Promise.all([[39m
[31m→ 41     prisma.workspaceMember.findUnique([39m
[31mCan't reach database server at `ep-withered-rain-aqd3bpeb-pooler.c-8.us-east-1.aws.neon.tech:5432`[39m

[31mPlease make sure your database server is running at `ep-withered-rain-aqd3bpeb-pooler.c-8.us-east-1.aws.neon.tech:5432`.[39m
2026-06-26 22:54:37:5437 [31merror[39m: [31m[39m
[31mInvalid `prisma.workspaceMember.findUnique()` invocation in[39m
[31mC:\Users\X1 CARBON\OneDrive\Desktop\My projects\Task-Flow Project Management\backend\src\permissions\access-resolver.ts:41:28[39m

[31m  38   userId: string,[39m
[31m  39 ): Promise<{ membershipRole: Role; ownerId: string }> {[39m
[31m  40   const [member, workspace] = await Promise.all([[39m
[31m→ 41     prisma.workspaceMember.findUnique([39m
[31mCan't reach database server at `ep-withered-rain-aqd3bpeb-pooler.c-8.us-east-1.aws.neon.tech:5432`[39m

[31mPlease make sure your database server is running at `ep-withered-rain-aqd3bpeb-pooler.c-8.us-east-1.aws.neon.tech:5432`.[39m
2026-06-27 00:00:26:026 [31merror[39m: [31m[39m
[31mInvalid `prisma.workspaceMember.findUnique()` invocation in[39m
[31mC:\Users\X1 CARBON\OneDrive\Desktop\My projects\Task-Flow Project Management\backend\src\permissions\access-resolver.ts:41:28[39m

[31m  38   userId: string,[39m
[31m  39 ): Promise<{ membershipRole: Role; ownerId: string }> {[39m
[31m  40   const [member, workspace] = await Promise.all([[39m
[31m→ 41     prisma.workspaceMember.findUnique([39m
[31mCan't reach database server at `ep-withered-rain-aqd3bpeb-pooler.c-8.us-east-1.aws.neon.tech:5432`[39m

[31mPlease make sure your database server is running at `ep-withered-rain-aqd3bpeb-pooler.c-8.us-east-1.aws.neon.tech:5432`.[39m
2026-06-27 00:00:45:045 [31merror[39m: [31m[39m
[31mInvalid `prisma.workspace.findUnique()` invocation in[39m
[31mC:\Users\X1 CARBON\OneDrive\Desktop\My projects\Task-Flow Project Management\backend\src\permissions\access-resolver.ts:50:22[39m

[31m  47   },[39m
[31m  48   select: { role: true },[39m
[31m  49 }),[39m
[31m→ 50 prisma.workspace.findUnique([39m
[31mCan't reach database server at `ep-withered-rain-aqd3bpeb-pooler.c-8.us-east-1.aws.neon.tech:5432`[39m

[31mPlease make sure your database server is running at `ep-withered-rain-aqd3bpeb-pooler.c-8.us-east-1.aws.neon.tech:5432`.[39m
